Tue Jan 14 02:37:27 2025       
+-----------------------------------------------------------------------------------------+
| NVIDIA-SMI 565.57.01              Driver Version: 565.57.01      CUDA Version: 12.7     |
|-----------------------------------------+------------------------+----------------------+
| GPU  Name                 Persistence-M | Bus-Id          Disp.A | Volatile Uncorr. ECC |
| Fan  Temp   Perf          Pwr:Usage/Cap |           Memory-Usage | GPU-Util  Compute M. |
|                                         |                        |               MIG M. |
|=========================================+========================+======================|
|   0  NVIDIA A100-PCIE-40GB          On  |   00000000:86:00.0 Off |                    0 |
| N/A   27C    P0             38W /  250W |       1MiB /  40960MiB |      0%   E. Process |
|                                         |                        |             Disabled |
+-----------------------------------------+------------------------+----------------------+
                                                                                         
+-----------------------------------------------------------------------------------------+
| Processes:                                                                              |
|  GPU   GI   CI        PID   Type   Process name                              GPU Memory |
|        ID   ID                                                               Usage      |
|=========================================================================================|
|  No running processes found                                                             |
+-----------------------------------------------------------------------------------------+
True
params:
  method: sncwgan_dtn
  config: configs/cnn_residual/cnn_residual_256.yaml
  mode: tuning
  batch_size: 128
  end_epoch: 200
  learning_rate: 1.0e-05
  data_root: /work3/s212645/Spectral_Reconstruction/
  patch_size: 128
  stride: 8
  gpu_id: '0'
  local_rank: null
  multigpu: false
  notone: true
  resume: true
  ckpath: /work3/s212645/Spectral_Reconstruction/checkpoint/CNN_Residual/
  image_key: label
  cond_key: cond
  valid_ratio: 0.053
  test_ratio: 0.0
  datanames:
  - ARAD-origin/
  random_split_data: false
  padding_size: 128
  total_iter: 400000
  progressive_train: false
  val_in_epoch: true
  genconfig:
    target: models.transformer.CNN_residual.Residual
    params:
      input_spatial_size: 128
  data:
    target: dataset.base.DataModuleFromConfig
    params:
      batch_size: 40
      num_workers: 32
      train:
        target: dataset.datasets.TrainDataset
        params:
          data_root: /work3/s212645/Spectral_Reconstruction/
          crop_size: 128
          valid_ratio: 0.053
          test_ratio: 0.0
          random_split: false
          arg: true
          stride: 128
          datanames:
          - ARAD-origin/
      validation:
        target: dataset.datasets.ValidDataset
        params:
          data_root: /work3/s212645/Spectral_Reconstruction/
          crop_size: 512
          valid_ratio: 0.053
          test_ratio: 0.0
          random_split: false
          arg: false
          datanames:
          - ARAD-origin/
target: models.transformer.basemodel.TrainModel

[Warning] Fused window process have not been installed. Please refer to get_started.md for installation.
====================================================================================================
Layer (type:depth-idx)                             Output Shape              Param #
====================================================================================================
├─Sequential: 1-1                                  [-1, 62, 128, 128]        --
|    └─Conv2d: 2-1                                 [-1, 3, 128, 128]         84
|    └─SFEBlock: 2-2                               [-1, 3, 128, 128]         --
|    |    └─Sequential: 3-1                        [-1, 3, 128, 128]         90
|    └─Conv2d: 2-3                                 [-1, 64, 128, 128]        256
|    └─SFEBlock: 2-4                               [-1, 64, 128, 128]        --
|    |    └─Sequential: 3-2                        [-1, 64, 128, 128]        37,056
|    └─PixelUnshuffleBlock: 2-5                    [-1, 128, 64, 64]         --
|    |    └─PixelUnshuffle: 3-3                    [-1, 256, 64, 64]         --
|    |    └─Conv2d: 3-4                            [-1, 128, 64, 64]         32,896
|    └─DFEBlock: 2-6                               [-1, 128, 64, 64]         --
|    |    └─Sequential: 3-5                        [-1, 128, 64, 64]         147,840
|    |    └─Sequential: 3-6                        [-1, 128, 64, 64]         147,840
|    |    └─Sequential: 3-7                        [-1, 128, 64, 64]         51,968
|    └─PixelUnshuffleBlock: 2-7                    [-1, 256, 32, 32]         --
|    |    └─PixelUnshuffle: 3-8                    [-1, 512, 32, 32]         --
|    |    └─Conv2d: 3-9                            [-1, 256, 32, 32]         131,328
|    └─DFEBlock: 2-8                               [-1, 256, 32, 32]         --
|    |    └─Sequential: 3-10                       [-1, 256, 32, 32]         590,592
|    |    └─Sequential: 3-11                       [-1, 256, 32, 32]         590,592
|    |    └─Sequential: 3-12                       [-1, 256, 32, 32]         202,240
|    └─PixelUnshuffleBlock: 2-9                    [-1, 512, 16, 16]         --
|    |    └─PixelUnshuffle: 3-13                   [-1, 1024, 16, 16]        --
|    |    └─Conv2d: 3-14                           [-1, 512, 16, 16]         524,800
|    └─AttentionBlock: 2-10                        [-1, 512, 16, 16]         --
|    |    └─SpatialAttention: 3-15                 [-1, 512, 16, 16]         1,536
|    |    └─SpectralAttention: 3-16                [-1, 512, 16, 16]         1,314,305
|    |    └─Sequential: 3-17                       [-1, 512, 16, 16]         787,456
|    └─ResidualBlock: 2-11                         [-1, 512, 16, 16]         --
|    |    └─DFEBlock: 3-18                         [-1, 512, 16, 16]         5,519,360
|    |    └─RefineBlock: 3-19                      [-1, 512, 16, 16]         263,680
|    └─ResidualBlock: 2-12                         [-1, 512, 16, 16]         --
|    |    └─DFEBlock: 3-20                         [-1, 512, 16, 16]         5,519,360
|    |    └─RefineBlock: 3-21                      [-1, 512, 16, 16]         263,680
|    └─ResidualBlock: 2-13                         [-1, 512, 16, 16]         --
|    |    └─DFEBlock: 3-22                         [-1, 512, 16, 16]         5,519,360
|    |    └─RefineBlock: 3-23                      [-1, 512, 16, 16]         263,680
|    └─PixelShuffleBlock: 2-14                     [-1, 256, 32, 32]         --
|    |    └─Sequential: 3-24                       [-1, 256, 32, 32]         295,680
|    └─PixelShuffleBlock: 2-15                     [-1, 128, 64, 64]         --
|    |    └─Sequential: 3-25                       [-1, 128, 64, 64]         74,112
|    └─PixelShuffleBlock: 2-16                     [-1, 62, 128, 128]        --
|    |    └─Sequential: 3-26                       [-1, 62, 128, 128]        18,558
|    └─DFEBlock: 2-17                              [-1, 62, 128, 128]        --
|    |    └─Sequential: 3-27                       [-1, 62, 128, 128]        34,782
|    |    └─Sequential: 3-28                       [-1, 62, 128, 128]        34,782
|    |    └─Sequential: 3-29                       [-1, 62, 128, 128]        12,896
├─Sequential: 1-2                                  [-1, 62, 128, 128]        --
|    └─Conv2d: 2-18                                [-1, 62, 128, 128]        248
|    └─Conv2d: 2-19                                [-1, 62, 128, 128]        34,658
├─Sequential: 1-3                                  [-1, 31, 128, 128]        --
|    └─Conv2d: 2-20                                [-1, 31, 128, 128]        17,329
|    └─Conv2d: 2-21                                [-1, 31, 128, 128]        992
====================================================================================================
Total params: 22,434,036
Trainable params: 22,434,036
Non-trainable params: 0
Total mult-adds (G): 6.28
====================================================================================================
Input size (MB): 0.19
Forward/backward pass size (MB): 147.88
Params size (MB): 85.58
Estimated Total Size (MB): 233.64
====================================================================================================
128
CNN_Residual
pretrained model loaded, iteration:  401882
128
pretrained model loaded, iteration:  61828
Test set samples:  95
